ets Jul 29 2019 12:21:46

rst:0x1 (POWERON_RESEï¿½ets Jul 29 2019 12:21:46

rst:0x1 (POWERON_RESET),boot:0x13 (SPI_FAST_FLASH_BOOT)
configsip: 0, SPIWP:0xee
clk_drv:0x00,q_drv:0x00,d_drv:0x00,cs0_drv:0x00,hd_drv:0x00,wp_drv:0x00
mode:DIO, clock div:2
load:0x3fff0030,len:6276
load:0x40078000,len:15748
load:0x40080400,len:4
ho 8 tail 4 room 4
load:0x40080404,len:3860
entry 0x4008063c
[0;32mI (31) boot: ESP-IDF v5.4.1 2nd stage bootloader[0m
[0;32mI (31) boot: compile time Jun 28 2025 06:31:50[0m
[0;32mI (31) boot: Multicore bootloader[0m
[0;32mI (32) boot: chip revision: v3.1[0m
[0;32mI (35) boot.esp32: SPI Speed      : 40MHz[0m
[0;32mI (39) boot.esp32: SPI Mode       : DIO[0m
[0;32mI (43) boot.esp32: SPI Flash Size : 2MB[0m
[0;32mI (46) boot: Enabling RNG early entropy source...[0m
[0;32mI (51) boot: Partition Table:[0m
[0;32mI (53) boot: ## Label            Usage          Type ST Offset   Length[0m
[0;32mI (60) boot:  0 nvs              WiFi data        01 02 00009000 00006000[0m
[0;32mI (66) boot:  1 phy_init         RF data          01 01 0000f000 00001000[0m
[0;32mI (73) boot:  2 factory          factory app      00 00 00010000 00100000[0m
[0;32mI (79) boot: End of partition table[0m
[0;32mI (82) esp_image: segment 0: paddr=00010020 vaddr=3f400020 size=1fc60h (130144) map[0m
[0;32mI (134) esp_image: segment 1: paddr=0002fc88 vaddr=3ff80000 size=0001ch (    28) load[0m
[0;32mI (135) esp_image: segment 2: paddr=0002fcac vaddr=3ffb0000 size=0036ch (   876) load[0m
[0;32mI (139) esp_image: segment 3: paddr=00030020 vaddr=400d0020 size=a1dd4h (662996) map[0m
[0;32mI (372) esp_image: segment 4: paddr=000d1dfc vaddr=3ffb036c size=03c24h ( 15396) load[0m
[0;32mI (378) esp_image: segment 5: paddr=000d5a28 vaddr=40080000 size=178d4h ( 96468) load[0m
[0;32mI (427) boot: Loaded app from partition at offset 0x10000[0m
[0;32mI (427) boot: Disabling RNG early entropy source...[0m
[0;32mI (438) cpu_start: Multicore app[0m
[0;32mI (446) cpu_start: Pro cpu start user code[0m
[0;32mI (446) cpu_start: cpu freq: 160000000 Hz[0m
[0;32mI (446) app_init: Application information:[0m
[0;32mI (446) app_init: Project name:     mqtt5[0m
[0;32mI (450) app_init: App version:      1[0m
[0;32mI (453) app_init: Compile time:     Jun 28 2025 06:30:55[0m
[0;32mI (458) app_init: ELF file SHA256:  2c26fc6a7...[0m
[0;32mI (463) app_init: ESP-IDF:          v5.4.1[0m
[0;32mI (466) efuse_init: Min chip rev:     v0.0[0m
[0;32mI (470) efuse_init: Max chip rev:     v3.99 [0m
[0;32mI (474) efuse_init: Chip rev:         v3.1[0m
[0;32mI (478) heap_init: Initializing. RAM available for dynamic allocation:[0m
[0;32mI (484) heap_init: At 3FFAE6E0 len 00001920 (6 KiB): DRAM[0m
[0;32mI (489) heap_init: At 3FFB8828 len 000277D8 (157 KiB): DRAM[0m
[0;32mI (495) heap_init: At 3FFE0440 len 00003AE0 (14 KiB): D/IRAM[0m
[0;32mI (500) heap_init: At 3FFE4350 len 0001BCB0 (111 KiB): D/IRAM[0m
[0;32mI (506) heap_init: At 400978D4 len 0000872C (33 KiB): IRAM[0m
[0;32mI (512) spi_flash: detected chip: generic[0m
[0;32mI (515) spi_flash: flash io: dio[0m
[0;33mW (517) spi_flash: Detected size(4096k) larger than the size in the binary image header(2048k). Using the size in the binary image header.[0m
[0;32mI (531) main_task: Started on CPU0[0m
[0;32mI (541) main_task: Calling app_main()[0m
[0;32mI (541) gpio: GPIO[2]| InputEn: 0| OutputEn: 0| OpenDrain: 0| Pullup: 1| Pulldown: 0| Intr:0 [0m
[0;32mI (541) mqtt5_example: [APP] Startup..[0m
[0;32mI (541) mqtt5_example: [APP] Free memory: 277140 bytes[0m
[0;32mI (551) mqtt5_example: [APP] IDF version: v5.4.1[0m
[0;32mI (561) example_connect: Start example_connect.[0m
[0;32mI (581) wifi:wifi driver task: 3ffc029c, prio:23, stack:6656, core=0[0m
[0;32mI (581) wifi:wifi firmware version: 79fa3f41ba[0m
[0;32mI (581) wifi:wifi certification version: v7.0[0m
[0;32mI (581) wifi:config NVS flash: enabled[0m
[0;32mI (581) wifi:config nano formatting: disabled[0m
[0;32mI (591) wifi:Init data frame dynamic rx buffer num: 32[0m
[0;32mI (591) wifi:Init static rx mgmt buffer num: 5[0m
[0;32mI (601) wifi:Init management short buffer num: 32[0m
[0;32mI (601) wifi:Init dynamic tx buffer num: 32[0m
[0;32mI (601) wifi:Init static rx buffer size: 1600[0m
[0;32mI (611) wifi:Init static rx buffer num: 10[0m
[0;32mI (611) wifi:Init dynamic rx buffer num: 32[0m
[0;32mI (621) wifi_init: rx ba win: 6[0m
[0;32mI (621) wifi_init: accept mbox: 6[0m
[0;32mI (621) wifi_init: tcpip mbox: 32[0m
[0;32mI (621) wifi_init: udp mbox: 6[0m
[0;32mI (631) wifi_init: tcp mbox: 6[0m
[0;32mI (631) wifi_init: tcp tx win: 5760[0m
[0;32mI (631) wifi_init: tcp rx win: 5760[0m
[0;32mI (641) wifi_init: tcp mss: 1440[0m
[0;32mI (641) wifi_init: WiFi IRAM OP enabled[0m
[0;32mI (641) wifi_init: WiFi RX IRAM OP enabled[0m
[0;32mI (651) phy_init: phy_version 4860,6b7a6e5,Feb  6 2025,14:47:07[0m
[0;33mW (651) phy_init: failed to load RF calibration data (0x1102), falling back to full calibration[0m
[0;32mI (731) phy_init: Saving new calibration data due to checksum failure or outdated calibration data, mode(2)[0m
[0;32mI (751) wifi:mode : sta (00:4b:12:35:56:40)[0m
[0;32mI (751) wifi:enable tsf[0m
[0;32mI (751) example_connect: Connecting to Dodozin...[0m
[0;33mW (751) wifi:Password length matches WPA2 standards, authmode threshold changes from OPEN to WPA2[0m
[0;32mI (761) example_connect: Waiting for IP(s)[0m
[0;32mI (3421) wifi:new:<6,2>, old:<1,0>, ap:<255,255>, sta:<6,2>, prof:1, snd_ch_cfg:0x0[0m
[0;32mI (3421) wifi:state: init -> auth (0xb0)[0m
[0;32mI (3421) wifi:state: auth -> assoc (0x0)[0m
[0;32mI (3431) wifi:state: assoc -> run (0x10)[0m
[0;32mI (3531) wifi:connected with Dodozin, aid = 5, channel 6, 40D, bssid = 00:04:16:31:20:b6[0m
[0;32mI (3531) wifi:security: WPA2-PSK, phy: bgn, rssi: -22[0m
[0;32mI (3531) wifi:pm start, type: 1[0m

[0;32mI (3531) wifi:dp: 1, bi: 102400, li: 3, scale listen interval from 307200 us to 307200 us[0m
[0;32mI (3551) wifi:AP's beacon interval = 102400 us, DTIM period = 1[0m
[0;32mI (4561) example_connect: Got IPv6 event: Interface "example_netif_sta" address: fe80:0000:0000:0000:024b:12ff:fe35:5640, type: ESP_IP6_ADDR_IS_LINK_LOCAL[0m
[0;32mI (5511) wifi:<ba-add>idx:0 (ifx:0, 00:04:16:31:20:b6), tid:0, ssn:0, winSize:64[0m
[0;32mI (6601) esp_netif_handlers: example_netif_sta ip: 192.168.1.7, mask: 255.255.255.0, gw: 192.168.1.1[0m
[0;32mI (6601) example_connect: Got IPv4 event: Interface "example_netif_sta" address: 192.168.1.7[0m
[0;32mI (6601) example_common: Connected to example_netif_sta[0m
[0;32mI (6611) example_common: - IPv4 address: 192.168.1.7,[0m
[0;32mI (6611) example_common: - IPv6 address: fe80:0000:0000:0000:024b:12ff:fe35:5640, type: ESP_IP6_ADDR_IS_LINK_LOCAL[0m
[0;32mI (6631) mqtt5_example: Other event id:7[0m
[0;32mI (6631) main_task: Returned from app_main()[0m
[0;32mI (7561) example_connect: Got IPv6 event: Interface "example_netif_sta" address: 2804:706c:0147:3d00:024b:12ff:fe35:5640, type: ESP_IP6_ADDR_IS_GLOBAL[0m
[0;32mI (8781) mqtt5_example: MQTT_EVENT_CONNECTED[0m
[0;32mI (8791) mqtt5_example: sent publish successful, msg_id=63557[0m
[0;32mI (8791) mqtt5_example: sent subscribe successful, msg_id=11678[0m
[0;32mI (8791) mqtt5_example: sent subscribe successful, msg_id=46572[0m
[0;32mI (8801) mqtt5_example: Subscribed to LED topic /ifpe/ads/embarcados/esp32/led, msg_id=25525[0m
[0;32mI (8811) mqtt5_example: sent unsubscribe successful, msg_id=38760[0m
[0;32mI (8991) mqtt5_client: MQTT_MSG_TYPE_PUBACK return code is 0[0m
[0;32mI (8991) mqtt5_example: MQTT_EVENT_PUBLISHED, msg_id=63557[0m
[0;32mI (9201) mqtt5_client: MQTT_MSG_TYPE_SUBACK return code is 0[0m
[0;32mI (9201) mqtt5_example: MQTT_EVENT_SUBSCRIBED, msg_id=11678[0m
[0;32mI (9201) mqtt5_example: sent publish successful, msg_id=0[0m
[0;32mI (9211) mqtt5_client: MQTT_MSG_TYPE_SUBACK return code is 2[0m
[0;32mI (9211) mqtt5_example: MQTT_EVENT_SUBSCRIBED, msg_id=46572[0m
[0;32mI (9211) mqtt5_example: sent publish successful, msg_id=0[0m
[0;32mI (9221) mqtt5_example: MQTT_EVENT_DATA[0m
[0;32mI (9221) mqtt5_example: key is board, value is esp32[0m
[0;32mI (9231) mqtt5_example: key is u, value is user[0m
[0;32mI (9231) mqtt5_example: key is p, value is password[0m
[0;32mI (9241) mqtt5_example: payload_format_indicator is 1[0m
[0;32mI (9241) mqtt5_example: response_topic is /topic/test/response[0m
[0;32mI (9251) mqtt5_example: correlation_data is 123456[0m
[0;32mI (9251) mqtt5_example: content_type is [0m
[0;32mI (9251) mqtt5_example: TOPIC=/topic/qos1[0m
[0;32mI (9261) mqtt5_example: DATA=data_3[0m
[0;32mI (9271) mqtt5_client: MQTT_MSG_TYPE_SUBACK return code is 0[0m
[0;32mI (9271) mqtt5_example: MQTT_EVENT_SUBSCRIBED, msg_id=25525[0m
[0;32mI (9271) mqtt5_example: sent publish successful, msg_id=0[0m
[0;32mI (9281) mqtt5_client: MQTT_MSG_TYPE_UNSUBACK return code is 0[0m
[0;32mI (9281) mqtt5_example: MQTT_EVENT_UNSUBSCRIBED, msg_id=38760[0m
[0;32mI (9291) mqtt_client: Client asked to disconnect[0m
[0;32mI (10301) mqtt5_example: MQTT_EVENT_DISCONNECTED[0m
ets Jul 29 2019 12:21:46

rst:0x1 (POWERON_RESET),boot:0x13 (SPI_FAST_FLASH_BOOT)
configsip: 0, SPIWP:0xee
clk_drv:0x00,q_drv:0x00,d_drv:0x00,cs0_drv:0x00,hd_drv:0x00,wp_drv:0x00
mode:DIO, clock div:2
load:0x3fff0030,len:6276
load:0x40078000,len:15748
load:0x40080400,len:4
ho 8 tail 4 room 4
load:0x40080404,len:3860
entry 0x4008063c
[0;32mI (31) boot: ESP-IDF v5.4.1 2nd stage bootloader[0m
[0;32mI (31) boot: compile time Jun 28 2025 06:31:50[0m
[0;32mI (31) boot: Multicore bootloader[0m
[0;32mI (32) boot: chip revision: v3.1[0m
[0;32mI (35) boot.esp32: SPI Speed      : 40MHz[0m
[0;32mI (39) boot.esp32: SPI Mode       : DIO[0m
[0;32mI (43) boot.esp32: SPI Flash Size : 2MB[0m
[0;32mI (46) boot: Enabling RNG early entropy source...[0m
[0;32mI (51) boot: Partition Table:[0m
[0;32mI (53) boot: ## Label            Usage          Type ST Offset   Length[0m
[0;32mI (60) boot:  0 nvs              WiFi data        01 02 00009000 00006000[0m
[0;32mI (66) boot:  1 phy_init         RF data          01 01 0000f000 00001000[0m
[0;32mI (73) boot:  2 factory          factory app      00 00 00010000 00100000[0m
[0;32mI (79) boot: End of partition table[0m
[0;32mI (82) esp_image: segment 0: paddr=00010020 vaddr=3f400020 size=1fc60h (130144) map[0m
[0;32mI (134) esp_image: segment 1: paddr=0002fc88 vaddr=3ff80000 size=0001ch (    28) load[0m
[0;32mI (135) esp_image: segment 2: paddr=0002fcac vaddr=3ffb0000 size=0036ch (   876) load[0m
[0;32mI (139) esp_image: segment 3: paddr=00030020 vaddr=400d0020 size=a1dd4h (662996) map[0m
[0;32mI (372) esp_image: segment 4: paddr=000d1dfc vaddr=3ffb036c size=03c24h ( 15396) load[0m
[0;32mI (378) esp_image: segment 5: paddr=000d5a28 vaddr=40080000 size=178d4h ( 96468) load[0m
[0;32mI (427) boot: Loaded app from partition at offset 0x10000[0m
[0;32mI (427) boot: Disabling RNG early entropy source...[0m
[0;32mI (438) cpu_start: Multicore app[0m
[0;32mI (446) cpu_start: Pro cpu start user code[0m
[0;32mI (446) cpu_start: cpu freq: 160000000 Hz[0m
[0;32mI (446) app_init: Application information:[0m
[0;32mI (446) app_init: Project name:     mqtt5[0m
[0;32mI (450) app_init: App version:      1[0m
[0;32mI (453) app_init: Compile time:     Jun 28 2025 06:30:55[0m
[0;32mI (458) app_init: ELF file SHA256:  2c26fc6a7...[0m
[0;32mI (463) app_init: ESP-IDF:          v5.4.1[0m
[0;32mI (466) efuse_init: Min chip rev:     v0.0[0m
[0;32mI (470) efuse_init: Max chip rev:     v3.99 [0m
[0;32mI (474) efuse_init: Chip rev:         v3.1[0m
[0;32mI (478) heap_init: Initializing. RAM available for dynamic allocation:[0m
[0;32mI (484) heap_init: At 3FFAE6E0 len 00001920 (6 KiB): DRAM[0m
[0;32mI (489) heap_init: At 3FFB8828 len 000277D8 (157 KiB): DRAM[0m
[0;32mI (495) heap_init: At 3FFE0440 len 00003AE0 (14 KiB): D/IRAM[0m
[0;32mI (500) heap_init: At 3FFE4350 len 0001BCB0 (111 KiB): D/IRAM[0m
[0;32mI (506) heap_init: At 400978D4 len 0000872C (33 KiB): IRAM[0m
[0;32mI (512) spi_flash: detected chip: generic[0m
[0;32mI (515) spi_flash: flash io: dio[0m
[0;33mW (517) spi_flash: Detected size(4096k) larger than the size in the binary image header(2048k). Using the size in the binary image header.[0m
[0;32mI (531) main_task: Started on CPU0[0m
[0;32mI (541) main_task: Calling app_main()[0m
[0;32mI (541) gpio: GPIO[2]| InputEn: 0| OutputEn: 0| OpenDrain: 0| Pullup: 1| Pulldown: 0| Intr:0 [0m
[0;32mI (541) mqtt5_example: [APP] Startup..[0m
[0;32mI (541) mqtt5_example: [APP] Free memory: 277140 bytes[0m
[0;32mI (551) mqtt5_example: [APP] IDF version: v5.4.1[0m
[0;32mI (571) example_connect: Start example_connect.[0m
[0;32mI (581) wifi:wifi driver task: 3ffc02bc, prio:23, stack:6656, core=0[0m
[0;32mI (581) wifi:wifi firmware version: 79fa3f41ba[0m
[0;32mI (581) wifi:wifi certification version: v7.0[0m
[0;32mI (581) wifi:config NVS flash: enabled[0m
[0;32mI (581) wifi:config nano formatting: disabled[0m
[0;32mI (591) wifi:Init data frame dynamic rx buffer num: 32[0m
[0;32mI (591) wifi:Init static rx mgmt buffer num: 5[0m
[0;32mI (601) wifi:Init management short buffer num: 32[0m
[0;32mI (601) wifi:Init dynamic tx buffer num: 32[0m
[0;32mI (601) wifi:Init static rx buffer size: 1600[0m
[0;32mI (611) wifi:Init static rx buffer num: 10[0m
[0;32mI (611) wifi:Init dynamic rx buffer num: 32[0m
[0;32mI (621) wifi_init: rx ba win: 6[0m
[0;32mI (621) wifi_init: accept mbox: 6[0m
[0;32mI (621) wifi_init: tcpip mbox: 32[0m
[0;32mI (621) wifi_init: udp mbox: 6[0m
[0;32mI (631) wifi_init: tcp mbox: 6[0m
[0;32mI (631) wifi_init: tcp tx win: 5760[0m
[0;32mI (631) wifi_init: tcp rx win: 5760[0m
[0;32mI (641) wifi_init: tcp mss: 1440[0m
[0;32mI (641) wifi_init: WiFi IRAM OP enabled[0m
[0;32mI (641) wifi_init: WiFi RX IRAM OP enabled[0m
[0;32mI (651) phy_init: phy_version 4860,6b7a6e5,Feb  6 2025,14:47:07[0m
[0;32mI (741) wifi:mode : sta (00:4b:12:35:56:40)[0m
[0;32mI (741) wifi:enable tsf[0m
[0;32mI (741) example_connect: Connecting to Dodozin...[0m
[0;33mW (741) wifi:Password length matches WPA2 standards, authmode threshold changes from OPEN to WPA2[0m
[0;32mI (751) example_connect: Waiting for IP(s)[0m
[0;32mI (3411) wifi:new:<6,2>, old:<1,0>, ap:<255,255>, sta:<6,2>, prof:1, snd_ch_cfg:0x0[0m
[0;32mI (3411) wifi:state: init -> auth (0xb0)[0m
[0;32mI (3421) wifi:state: auth -> assoc (0x0)[0m
[0;32mI (3431) wifi:state: assoc -> run (0x10)[0m
[0;32mI (3521) wifi:[ADDBA]RX DELBA, reason:39, delete tid:0, initiator:1(originator)[0m
[0;32mI (3521) wifi:[ADDBA]RX DELBA, reason:39, delete tid:0, initiator:0(recipient)[0m
[0;32mI (3531) wifi:connected with Dodozin, aid = 5, channel 6, 40D, bssid = 00:04:16:31:20:b6[0m
[0;32mI (3531) wifi:security: WPA2-PSK, phy: bgn, rssi: -27[0m
[0;32mI (3541) wifi:pm start, type: 1[0m

[0;32mI (3541) wifi:dp: 1, bi: 102400, li: 3, scale listen interval from 307200 us to 307200 us[0m
[0;32mI (3601) wifi:AP's beacon interval = 102400 us, DTIM period = 1[0m
[0;32mI (4571) example_connect: Got IPv6 event: Interface "example_netif_sta" address: fe80:0000:0000:0000:024b:12ff:fe35:5640, type: ESP_IP6_ADDR_IS_LINK_LOCAL[0m
[0;32mI (5661) wifi:<ba-add>idx:0 (ifx:0, 00:04:16:31:20:b6), tid:0, ssn:1, winSize:64[0m
[0;32mI (7571) example_connect: Got IPv6 event: Interface "example_netif_sta" address: 2804:706c:0147:3d00:024b:12ff:fe35:5640, type: ESP_IP6_ADDR_IS_GLOBAL[0m
[0;32mI (8671) esp_netif_handlers: example_netif_sta ip: 192.168.1.7, mask: 255.255.255.0, gw: 192.168.1.1[0m
[0;32mI (8671) example_connect: Got IPv4 event: Interface "example_netif_sta" address: 192.168.1.7[0m
[0;32mI (8671) example_common: Connected to example_netif_sta[0m
[0;32mI (8681) example_common: - IPv4 address: 192.168.1.7,[0m
[0;32mI (8681) example_common: - IPv6 address: fe80:0000:0000:0000:024b:12ff:fe35:5640, type: ESP_IP6_ADDR_IS_LINK_LOCAL[0m
[0;32mI (8691) example_common: - IPv6 address: 2804:706c:0147:3d00:024b:12ff:fe35:5640, type: ESP_IP6_ADDR_IS_GLOBAL[0m
[0;32mI (8701) mqtt5_example: Other event id:7[0m
[0;32mI (8711) main_task: Returned from app_main()[0m
[0;32mI (12321) mqtt5_example: MQTT_EVENT_CONNECTED[0m
[0;32mI (12321) mqtt5_example: sent publish successful, msg_id=17085[0m
[0;32mI (12331) mqtt5_example: sent subscribe successful, msg_id=54109[0m
[0;32mI (12331) mqtt5_example: sent subscribe successful, msg_id=50911[0m
[0;32mI (12331) mqtt5_example: Subscribed to LED topic /ifpe/ads/embarcados/esp32/led, msg_id=12269[0m
[0;32mI (12341) mqtt5_example: sent unsubscribe successful, msg_id=31651[0m
[0;32mI (12531) mqtt5_client: MQTT_MSG_TYPE_PUBACK return code is 0[0m
[0;32mI (12531) mqtt5_example: MQTT_EVENT_PUBLISHED, msg_id=17085[0m
[0;32mI (12731) mqtt5_client: MQTT_MSG_TYPE_SUBACK return code is 0[0m
[0;32mI (12731) mqtt5_example: MQTT_EVENT_SUBSCRIBED, msg_id=54109[0m
[0;32mI (12741) mqtt5_example: sent publish successful, msg_id=0[0m
[0;32mI (12741) mqtt5_client: MQTT_MSG_TYPE_SUBACK return code is 2[0m
[0;32mI (12741) mqtt5_example: MQTT_EVENT_SUBSCRIBED, msg_id=50911[0m
[0;32mI (12751) mqtt5_example: sent publish successful, msg_id=0[0m
[0;32mI (12761) mqtt5_example: MQTT_EVENT_DATA[0m
[0;32mI (12761) mqtt5_example: key is board, value is esp32[0m
[0;32mI (12761) mqtt5_example: key is u, value is user[0m
[0;32mI (12771) mqtt5_example: key is p, value is password[0m
[0;32mI (12771) mqtt5_example: payload_format_indicator is 1[0m
[0;32mI (12781) mqtt5_example: response_topic is /topic/test/response[0m
[0;32mI (12781) mqtt5_example: correlation_data is 123456[0m
[0;32mI (12791) mqtt5_example: content_type is [0m
[0;32mI (12791) mqtt5_example: TOPIC=/topic/qos1[0m
[0;32mI (12791) mqtt5_example: DATA=data_3[0m
[0;32mI (12801) mqtt5_client: MQTT_MSG_TYPE_SUBACK return code is 0[0m
[0;32mI (12801) mqtt5_example: MQTT_EVENT_SUBSCRIBED, msg_id=12269[0m
[0;32mI (12811) mqtt5_example: sent publish successful, msg_id=0[0m
[0;32mI (12821) mqtt5_client: MQTT_MSG_TYPE_UNSUBACK return code is 0[0m
[0;32mI (12821) mqtt5_example: MQTT_EVENT_UNSUBSCRIBED, msg_id=31651[0m
[0;32mI (12831) mqtt_client: Client asked to disconnect[0m
[0;32mI (13841) mqtt5_example: MQTT_EVENT_DISCONNECTED[0m
